// Jest Snapshot v1, https://goo.gl/fbAQLP

exports[`renders homepage unchanged 1`] = `
<div
  className="container"
>
  <main
    className="main"
  >
    <h1
      className="title"
    >
      Trends repos on 
      <a
        href="https://github.com"
      >
        Github
      </a>
    </h1>
  </main>
  <div>
    <div>
      this is a list
    </div>
  </div>
  <footer
    className="footer"
  >
    <a
      href="https://cieplicki.dev"
      rel="noopener noreferrer"
      target="_blank"
    >
      Created by Kamil Cieplicki
    </a>
  </footer>
</div>
`;
